Microsoft Access encountered an error while importing the object 'AllCommentsByRequestID'.

Error encountered at line 3.
Expected: End of file.  Found: Name.
